{}
{x₀: 42}
x₀ = 0
x₂ = 2
x₃ = 3
x₄ = 4
x₅ = 5
x₁ = 0
{}
{x₀: 37}
